<?xml version="1.0" encoding="UTF-8"?>
<TestRun id="78270d9c-d553-4040-b763-e2f3fe452037" name="Dan@LAPTOP 2010-10-17 20:48:02" runUser="LAPTOP\Dan" xmlns="http://microsoft.com/schemas/VisualStudio/TeamTest/2010">
  <TestSettings name="Default Test Settings" id="1ccef916-820b-45eb-8c34-5b33594fc773">
    <Deployment runDeploymentRoot="Dan_LAPTOP 2010-10-17 20_48_02">
      <DeploymentItem filename="C:\Documents and Settings\Dan\my documents\visual studio 2010\Projects\MvcDB4O\MvcDB4O\bin\MvcDB4O.dll" />
    </Deployment>
    <Execution>
      <TestTypeSpecific />
      <AgentRule name="Execution Agents">
      </AgentRule>
    </Execution>
  </TestSettings>
  <Times creation="2010-10-17T20:48:02.1562500+01:00" queuing="2010-10-17T20:48:04.6093750+01:00" start="2010-10-17T20:48:04.9531250+01:00" finish="2010-10-17T20:48:10.2968750+01:00" />
  <ResultSummary outcome="Completed">
    <Counters total="1" executed="1" passed="1" error="0" failed="0" timeout="0" aborted="0" inconclusive="0" passedButRunAborted="0" notRunnable="0" notExecuted="0" disconnected="0" warning="0" completed="0" inProgress="0" pending="0" />
  </ResultSummary>
  <TestDefinitions>
    <UnitTest name="Browse" storage="c:\documents and settings\dan\my documents\visual studio 2010\projects\mvcdb4o\mvcdb4o.tests\bin\debug\mvcdb4o.tests.dll" id="a8458b0e-aa5b-b8da-4c8b-d68c0836bb06">
      <Execution id="4cf1b1b8-f381-466e-a65f-da5167635613" />
      <TestMethod codeBase="C:/Documents and Settings/Dan/my documents/visual studio 2010/Projects/MvcDB4O/MvcDB4O.Tests/bin/Debug/MvcDB4O.Tests.DLL" adapterTypeName="Microsoft.VisualStudio.TestTools.TestTypes.Unit.UnitTestAdapter, Microsoft.VisualStudio.QualityTools.Tips.UnitTest.Adapter, Version=10.0.0.0, Culture=neutral, PublicKeyToken=b03f5f7f11d50a3a" className="MvcDB4O.Tests.Controllers.StoreControllerTest, MvcDB4O.Tests, Version=1.0.0.0, Culture=neutral, PublicKeyToken=null" name="Browse" />
    </UnitTest>
  </TestDefinitions>
  <TestLists>
    <TestList name="Results Not in a List" id="8c84fa94-04c1-424b-9868-57a2d4851a1d" />
    <TestList name="All Loaded Results" id="19431567-8539-422a-85d7-44ee4e166bda" />
  </TestLists>
  <TestEntries>
    <TestEntry testId="a8458b0e-aa5b-b8da-4c8b-d68c0836bb06" executionId="4cf1b1b8-f381-466e-a65f-da5167635613" testListId="8c84fa94-04c1-424b-9868-57a2d4851a1d" />
  </TestEntries>
  <Results>
    <UnitTestResult executionId="4cf1b1b8-f381-466e-a65f-da5167635613" testId="a8458b0e-aa5b-b8da-4c8b-d68c0836bb06" testName="Browse" computerName="LAPTOP" duration="00:00:03.4626981" startTime="2010-10-17T20:48:05.1718750+01:00" endTime="2010-10-17T20:48:10.0937500+01:00" testType="13cdc9d9-ddb5-4fa4-a97d-d965ccfc6d4b" outcome="Passed" testListId="8c84fa94-04c1-424b-9868-57a2d4851a1d" relativeResultsDirectory="4cf1b1b8-f381-466e-a65f-da5167635613">
    </UnitTestResult>
  </Results>
</TestRun>